// Jest Snapshot v1, https://goo.gl/fbAQLP

exports[`ErrorBanner Component renders correctly with error message 1`] = `
<div>
  <div
    class="rounded-md bg-red-50 p-4 mb-6"
  >
    <div
      class="flex"
    >
      <div
        class="flex-shrink-0"
      >
        <svg
          aria-hidden="true"
          class="lucide lucide-circle-x h-5 w-5 text-red-400"
          fill="none"
          height="24"
          stroke="currentColor"
          stroke-linecap="round"
          stroke-linejoin="round"
          stroke-width="2"
          viewBox="0 0 24 24"
          width="24"
          xmlns="http://www.w3.org/2000/svg"
        >
          <circle
            cx="12"
            cy="12"
            r="10"
          />
          <path
            d="m15 9-6 6"
          />
          <path
            d="m9 9 6 6"
          />
        </svg>
      </div>
      <div
        class="ml-3"
      >
        <h3
          class="text-sm font-medium text-red-800"
        >
          Error
        </h3>
        <div
          class="mt-2 text-sm text-red-700"
        >
          <p>
            Test error message
          </p>
        </div>
      </div>
    </div>
  </div>
</div>
`;
